// Jest Snapshot v1, https://goo.gl/fbAQLP

exports[`Pruebas en <GifGrid /> Debe mostrar el componente correctamente (El mensaje de Loading)  1`] = `
<Fragment>
  <h3
    className=" animate__animated animate__fadeIn "
  >
    Samurai X
  </h3>
  <p
    className="animate__animated animate__flash"
  >
    Loading
  </p>
  <div
    className="card-grid"
  />
</Fragment>
`;
